// Jest Snapshot v1, https://goo.gl/fbAQLP

exports[`AddBankAccount.vue should render 1`] = `
<div class="col-12">
  <div style="position: absolute; z-index: 2000;">
    <div role="dialog" tabindex="-1" aria-hidden="true" class="modal fade" style="display: none;">
      <div class="modal-dialog modal-md">
        <div role="document" class="modal-content">
          <header class="modal-header">
            <h5 class="modal-title">
              <div class="col-12">
                Add bank account
              </div>
            </h5><button type="button" aria-label="Close" class="close">Ã—</button>
          </header>
          <div class="modal-body">
            <div class="col-10 offset-1">
              <div class="row">
                <div class="TM30px col-12">
                  <div class="row">
                    <form class="wide">
                      <div class="form-group"><label for="bankAccountName">Name connected to bank account:</label> <input type="text" id="bankAccountName" required="required" placeholder="John Doe" class="form-control"></div>
                      <div class="form-group"><label for="bankAccountNumber">Bank account number:</label> <input type="text" id="bankAccountNumber" required="required" placeholder="EE1111111111111111" class="form-control"></div>
                    </form>
                  </div>
                </div>
              </div>
            </div>
          </div>
          <footer class="modal-footer">
            <div class="col-12">
              <div class="row">
                <div class="col-6"><button type="button" class="btn wide btn-secondary">Cancel</button></div>
                <div class="col-6"><button type="button" class="btn wide btn-primary">Save</button></div>
              </div>
            </div>
          </footer>
        </div>
      </div>
    </div>
    <!---->
    <!---->
  </div>
</div>
`;
