// Jest Snapshot v1, https://goo.gl/fbAQLP

exports[`AddBill should render 1`] = `
<div class="col-12">
  <div style="position: absolute; z-index: 2000;">
    <div role="dialog" tabindex="-1" aria-hidden="true" class="modal fade" style="display: none;">
      <div class="modal-dialog modal-md">
        <div role="document" class="modal-content">
          <header class="modal-header">
            <h5 class="modal-title">
              <div class="col-12">
                Add bill
                <!---->
              </div>
            </h5><button type="button" aria-label="Close" class="close">×</button>
          </header>
          <div class="modal-body">
            <div class="col-10 offset-1">
              <div class="row">
                <div class="col-12">
                  <div class="row">
                    <form class="w-100">
                      <div class="form-group"><label for="title" class="font-weight-500">Title<span class="text-danger">&nbsp;*</span></label> <input type="text" id="title" required="required" placeholder="Enter bill title" minlength="1" maxlength="255" class="form-control"></div>
                      <div class="form-group"><label for="description" class="font-weight-500">Description
                          <!----></label> <textarea id="description" placeholder="Enter bill description" maxlength="255" class="form-control"></textarea></div>
                      <div class="form-group"><label for="buyer" class="font-weight-500">Buyer<span class="text-danger">&nbsp;*</span></label>
                        <div class="autocomplete" id="buyer" value="[object Object]"><input type="text" placeholder="" required="required" maxlength="255" class="form-control">
                          <ul id="autocomplete-results" class="autocomplete-results" style="display: none;"></ul>
                        </div>
                      </div>
                      <div class="form-group inline-form"><label for="sum" class="font-weight-500 pr-3">Sum<span class="text-danger">&nbsp;*</span></label> <input type="number" step="0.01" id="sum" required="required" min="0" maxlength="255" class="d-inline form-control skinny"> <span class="ml-1">€</span>
                        <!---->
                      </div>
                      <div class="form-group">
                        <!---->
                        <!----> <label for="user" class="font-weight-500">Add participants
                          <!----></label>
                        <div class="row" id="user">
                          <div col-md="9" class="col-8">
                            <div class="autocomplete" id="user" value="[object Object]"><input type="text" placeholder="Name" maxlength="255" class="form-control">
                              <ul id="autocomplete-results" class="autocomplete-results" style="display: none;"></ul>
                            </div>
                          </div>
                          <div col-md="3" class="col-4"><button type="button" class="btn btn-primary wide">
                              Add
                            </button></div>
                        </div>
                        <p class="text-danger mt-5" style="display: none;">
                          Sum and participations don't match!</p>
                      </div>
                    </form>
                  </div>
                </div>
              </div>
            </div>
          </div>
          <footer class="modal-footer">
            <div class="col-12">
              <div class="row">
                <div class="col"><button type="button" class="btn w-100 btn-primary">Save</button></div>
              </div>
            </div>
          </footer>
        </div>
      </div>
    </div>
    <!---->
    <!---->
  </div>
</div>
`;
