// Jest Snapshot v1, https://goo.gl/fbAQLP

exports[`AddPerson.vue should render 1`] = `
<div class="row">
  <div col-md="9" class="col-8">
    <div class="autocomplete" id="user" value="[object Object]"><input type="text" placeholder="Name" class="form-control">
      <ul id="autocomplete-results" class="autocomplete-results" style="display: none;"></ul>
    </div>
  </div>
  <div col-md="3" class="col-4"><button type="button" class="btn btn-primary wide">
      Add
    </button></div>
</div>
`;
