// Jest Snapshot v1, https://goo.gl/fbAQLP

exports[`Contacts should render 1`] = `
<div>
  <div class="container-fluid">
    <div class="row">
      <nav class="navbar fixed-top w-100 bg-light-gray navbar-light navbar-expand-sm"><button type="button" aria-label="Toggle navigation" aria-controls="nav_collapse" aria-expanded="false" class="navbar-toggler"><span class="navbar-toggler-icon"></span></button>
        <div class="navbar-brand limegreen brand">debty</div>
        <div id="nav_collapse" class="navbar-collapse collapse" style="display: none;">
          <ul class="navbar-nav">
            <li class="nav-item"><a target="_self" href="/home" class="nav-link">
                Home
              </a></li>
          </ul>
          <ul class="navbar-nav">
            <li class="nav-item"><a target="_self" href="/events" class="nav-link">
                Events
              </a></li>
          </ul>
          <ul class="navbar-nav">
            <li class="nav-item"><a target="_self" href="/debts" class="nav-link">
                Debts
              </a></li>
          </ul>
          <ul class="navbar-nav">
            <li class="nav-item"><a target="_self" href="/contacts" class="nav-link">
                Contacts
                <!----></a></li>
          </ul>
          <ul class="navbar-nav">
            <li class="nav-item"><a target="_self" href="/profile" class="nav-link">
                Profile
              </a></li>
          </ul>
          <ul class="navbar-nav ml-auto"><span> Welcome, <b></b></span>
            <font-awesome-icon icon="sign-out-alt" class="icon ml-4 mr-2 mt-1"></font-awesome-icon> <span>Sign out</span></ul>
        </div>
      </nav>
    </div>
  </div>
  <div class="diagonal-background container-fluid">
    <div class="container">
      <div class="search-wrapper pt-4">
        <div class="row ml-0">
          <h2>Add contact</h2>
          <font-awesome-icon id="info" icon="info-circle" class="ml-1"></font-awesome-icon>
          <div aria-hidden="true" class="d-none" style="display: none;">
            <div></div>
          </div>
        </div>
        <div class="row pt-4">
          <div class="col-sm-12 col-md-6">
            <div class="autocomplete" id="search " value="[object Object]"><input type="text" placeholder="Name" class="form-control">
              <ul id="autocomplete-results" class="autocomplete-results" style="display: none;"></ul>
            </div>
          </div>
          <div class="pt-3 pt-md-0 col"><button type="button" class="btn btn-primary wide"> Add contact
            </button></div>
        </div>
      </div>
      <div class="row mt-5">
        <div class="col-md-6">
          <div class="list-group">
            <h2>Requests</h2>
            <div class="mt-3">
              <h4>No incoming requests right now.</h4>
            </div>
          </div>
        </div>
        <div class="col-md-6">
          <div class="list-group">
            <h2>My contacts</h2>
            <div class="mt-3">
              <h3>No contacts yet, add contacts from search</h3>
            </div>
          </div>
        </div>
      </div>
    </div>
  </div>
</div>
`;
