// Jest Snapshot v1, https://goo.gl/fbAQLP

exports[`CreateDebt should render 1`] = `
<div>
  <div class="container-fluid">
    <div class="row PB65px">
      <nav class="navbar fixed-top navbar-light navbar-expand-sm" style="background-color: rgb(232, 232, 232); width: 100%;"><button type="button" aria-label="Toggle navigation" aria-controls="nav_collapse" aria-expanded="false" class="navbar-toggler"><span class="navbar-toggler-icon"></span></button>
        <div class="navbar-brand limegreen brand">debty</div>
        <div id="nav_collapse" class="navbar-collapse collapse" style="display: none;">
          <ul class="navbar-nav">
            <li class="nav-item"><a href="/home" target="_self" class="nav-link">
                Home
              </a></li>
          </ul>
          <ul class="navbar-nav">
            <li class="nav-item"><a href="/events" target="_self" class="nav-link">
                Events
              </a></li>
          </ul>
          <ul class="navbar-nav">
            <li class="nav-item"><a href="/debts" target="_self" class="nav-link">
                Debts
              </a></li>
          </ul>
          <ul class="navbar-nav">
            <li class="nav-item"><a href="/contacts" target="_self" class="nav-link">
                Contacts
                <!----></a></li>
          </ul>
          <ul class="navbar-nav">
            <li class="nav-item"><a href="/profile" target="_self" class="nav-link">
                Profile
              </a></li>
          </ul>
        </div>
      </nav>
    </div>
  </div>
  <div class="diagonal-background container-fluid">
    <div class="container">
      <div class="row">
        <div class="mt-5 pt-3 col-sm-12 col-md-6 offset-md-3">
          <div class="row">
            <h2>Create debt</h2>
            <font-awesome-icon id="info" icon="info-circle" class="ml-1"></font-awesome-icon>
            <div aria-hidden="true" class="d-none" style="display: none;">
              <div></div>
            </div>
            <form class="wide">
              <div class="form-group"><label for="title">Title:</label> <input type="text" id="title" placeholder="Enter debt title" class="form-control"></div>
              <div class="form-group">
                <div class="row">
                  <div class="col-11">
                    <div class="row">
                      <div class="col-2"><label>From:</label></div>
                      <div class="col-10">
                        <div class="autocomplete" id="payer"><input type="text" placeholder="Name" class="form-control">
                          <ul id="autocomplete-results" class="autocomplete-results" style="display: none;"></ul>
                        </div>
                      </div>
                    </div>
                    <div class="row">
                      <div class="mt-3 col-2"><label>To:</label></div>
                      <div class="mt-3 col-10"><input type="text" disabled="disabled" class="form-control"></div>
                    </div>
                  </div>
                  <div class="col-1">
                    <font-awesome-icon icon="arrow-up" class="mt-4 p-0 limegreen"></font-awesome-icon>
                    <font-awesome-icon icon="arrow-down" class="mb-2 ml-2 limegreen"></font-awesome-icon>
                  </div>
                </div>
              </div>
              <div class="form-group">
                <div class="row">
                  <div class="col-2"><label for="sum" class="mt-1">Sum:</label></div>
                  <div class="col-md-2 col-3"><input id="sum" type="text" placeholder="0" class="form-control pr-0"></div>
                  <div class="pl-0 mt-1 col-1">â‚¬</div>
                </div>
              </div>
              <div class="row mt-4">
                <div class="col-sm-12"><button type="button" class="btn btn-primary wide">
                    Create debt
                  </button></div>
              </div>
            </form>
          </div>
        </div>
      </div>
    </div>
  </div>
</div>
`;
