// Jest Snapshot v1, https://goo.gl/fbAQLP

exports[`Debt should render 1`] = `
<div class="col">
  <div class="container-fluid">
    <div class="row">
      <nav class="navbar fixed-top w-100 bg-light-gray navbar-light navbar-expand-sm"><button type="button" aria-label="Toggle navigation" aria-controls="nav_collapse" aria-expanded="false" class="navbar-toggler"><span class="navbar-toggler-icon"></span></button>
        <div class="navbar-brand limegreen brand">debty</div>
        <div id="nav_collapse" class="navbar-collapse collapse" style="display: none;">
          <ul class="navbar-nav">
            <li class="nav-item"><a target="_self" href="/home" class="nav-link">
                Home
              </a></li>
          </ul>
          <ul class="navbar-nav">
            <li class="nav-item"><a target="_self" href="/events" class="nav-link">
                Events
              </a></li>
          </ul>
          <ul class="navbar-nav">
            <li class="nav-item"><a target="_self" href="/debts" class="nav-link">
                Debts
              </a></li>
          </ul>
          <ul class="navbar-nav">
            <li class="nav-item"><a target="_self" href="/contacts" class="nav-link">
                Contacts
                <!----></a></li>
          </ul>
          <ul class="navbar-nav">
            <li class="nav-item"><a target="_self" href="/profile" class="nav-link">
                Profile
              </a></li>
          </ul>
          <ul class="navbar-nav ml-auto"><span> Welcome, <b></b></span>
            <font-awesome-icon icon="sign-out-alt" class="icon ml-4 mr-2 mt-1"></font-awesome-icon> <span>Sign out</span></ul>
        </div>
      </nav>
    </div>
  </div>
  <div class="diagonal-background container-fluid">
    <div class="container">
      <div class="row">
        <div class="mt-5 col-sm-12 col-md-8 col-lg-6 offset-md-2 offset-lg-3">
          <div class="card shadow mb-5 col">
            <div class="card-body col-md-8 offset-md-2 col">
              <div class="text-center">
                <h1 class="mt-3 mb-5"> </h1>
              </div>
              <div class="row mt-5 pb-3 border-bottom-1">
                <div class="col-md-6"><b>Debtor:</b></div>
                <div class="col-md-6">

                  <!---->
                </div>
              </div>
              <div class="row mt-3 pb-3 border-bottom-1">
                <div class="col-md-6"><b>Receiver:</b></div>
                <div class="col-md-6">

                  <!---->
                </div>
              </div>
              <div class="row mt-3 pb-3 border-bottom-1">
                <div class="col-6"><b>Sum:</b></div>
                <div class="col-6">
                  â‚¬
                </div>
              </div>
              <div class="row mt-3 pb-3 border-bottom-1">
                <div class="col-6"><b>Status:</b></div>
                <div class="col-6">
                  <div>
                    <!---->
                    <!---->
                    <!---->
                    <!---->
                    <!---->
                  </div>
                </div>
              </div>
              <div class="row mt-3 pb-3 border-bottom-1">
                <div class="col-md-6"><b>Created:</b></div>
                <div class="col-md-6">
                  Invalid Date
                </div>
              </div>
              <!---->
              <!---->
              <!---->
              <!---->
              <!---->
              <!---->
            </div>
          </div>
        </div>
      </div>
    </div>
  </div>
</div>
`;
